Channels:
 - defaults
Platform: linux-64
Collecting package metadata (repodata.json): ...working... done
Solving environment: ...working... done

## Package Plan ##

  environment location: /root/miniconda3/envs/finrl

  added / updated specs:
    - python=3.10


The following packages will be downloaded:

    package                    |            build
    ---------------------------|-----------------
    ca-certificates-2026.3.19  |       h06a4308_0         126 KB
    ld_impl_linux-64-2.44      |       h9e0c5a2_3         725 KB
    libexpat-2.7.5             |       h7354ed3_0         122 KB
    libffi-3.4.8               |       hc5d346e_2         136 KB
    libgcc-15.2.0              |       h69a1729_7         806 KB
    libgcc-ng-15.2.0           |       h166f726_7          28 KB
    libgomp-15.2.0             |       h4751f2c_7         436 KB
    libnsl-2.0.0               |       h5eee18b_0          31 KB
    libstdcxx-15.2.0           |       h39759b7_7         3.7 MB
    libxcb-1.17.0              |       h9b100fa_0         430 KB
    libzlib-1.3.1              |       h47b2149_1          59 KB
    ncurses-6.5                |       h7934f7d_0         1.1 MB
    openssl-3.5.6              |       h1b28b03_0         5.6 MB
    packaging-26.0             |  py310h06a4308_0         165 KB
    pip-26.0.1                 |     pyhc872135_1         1.1 MB
    pthread-stubs-0.3          |       h0ce48e5_1           5 KB
    python-3.10.20             |       h741d88c_0        24.1 MB
    readline-8.3               |       hc2a1206_0         471 KB
    setuptools-82.0.1          |  py310h06a4308_0         1.2 MB
    sqlite-3.51.2              |       h3e8d24a_0         1.2 MB
    tk-8.6.15                  |       h54e0aa7_0         3.4 MB
    tzdata-2026a               |       he532380_0         117 KB
    wheel-0.46.3               |  py310h06a4308_0          54 KB
    xorg-libx11-1.8.12         |       h9b100fa_1         895 KB
    xorg-libxau-1.0.12         |       h9b100fa_0          13 KB
    xorg-libxdmcp-1.1.5        |       h9b100fa_0          19 KB
    xorg-xorgproto-2024.1      |       h5eee18b_1         580 KB
    xz-5.8.2                   |       h448239c_0         621 KB
    zlib-1.3.1                 |       h47b2149_1          89 KB
    ------------------------------------------------------------
                                           Total:        47.3 MB

The following NEW packages will be INSTALLED:

  _libgcc_mutex      pkgs/main/linux-64::_libgcc_mutex-0.1-main 
  _openmp_mutex      pkgs/main/linux-64::_openmp_mutex-5.1-1_gnu 
  bzip2              pkgs/main/linux-64::bzip2-1.0.8-h5eee18b_6 
  ca-certificates    pkgs/main/linux-64::ca-certificates-2026.3.19-h06a4308_0 
  ld_impl_linux-64   pkgs/main/linux-64::ld_impl_linux-64-2.44-h9e0c5a2_3 
  libexpat           pkgs/main/linux-64::libexpat-2.7.5-h7354ed3_0 
  libffi             pkgs/main/linux-64::libffi-3.4.8-hc5d346e_2 
  libgcc             pkgs/main/linux-64::libgcc-15.2.0-h69a1729_7 
  libgcc-ng          pkgs/main/linux-64::libgcc-ng-15.2.0-h166f726_7 
  libgomp            pkgs/main/linux-64::libgomp-15.2.0-h4751f2c_7 
  libnsl             pkgs/main/linux-64::libnsl-2.0.0-h5eee18b_0 
  libstdcxx          pkgs/main/linux-64::libstdcxx-15.2.0-h39759b7_7 
  libuuid            pkgs/main/linux-64::libuuid-1.41.5-h5eee18b_0 
  libxcb             pkgs/main/linux-64::libxcb-1.17.0-h9b100fa_0 
  libzlib            pkgs/main/linux-64::libzlib-1.3.1-h47b2149_1 
  ncurses            pkgs/main/linux-64::ncurses-6.5-h7934f7d_0 
  openssl            pkgs/main/linux-64::openssl-3.5.6-h1b28b03_0 
  packaging          pkgs/main/linux-64::packaging-26.0-py310h06a4308_0 
  pip                pkgs/main/noarch::pip-26.0.1-pyhc872135_1 
  pthread-stubs      pkgs/main/linux-64::pthread-stubs-0.3-h0ce48e5_1 
  python             pkgs/main/linux-64::python-3.10.20-h741d88c_0 
  readline           pkgs/main/linux-64::readline-8.3-hc2a1206_0 
  setuptools         pkgs/main/linux-64::setuptools-82.0.1-py310h06a4308_0 
  sqlite             pkgs/main/linux-64::sqlite-3.51.2-h3e8d24a_0 
  tk                 pkgs/main/linux-64::tk-8.6.15-h54e0aa7_0 
  tzdata             pkgs/main/noarch::tzdata-2026a-he532380_0 
  wheel              pkgs/main/linux-64::wheel-0.46.3-py310h06a4308_0 
  xorg-libx11        pkgs/main/linux-64::xorg-libx11-1.8.12-h9b100fa_1 
  xorg-libxau        pkgs/main/linux-64::xorg-libxau-1.0.12-h9b100fa_0 
  xorg-libxdmcp      pkgs/main/linux-64::xorg-libxdmcp-1.1.5-h9b100fa_0 
  xorg-xorgproto     pkgs/main/linux-64::xorg-xorgproto-2024.1-h5eee18b_1 
  xz                 pkgs/main/linux-64::xz-5.8.2-h448239c_0 
  zlib               pkgs/main/linux-64::zlib-1.3.1-h47b2149_1 



Downloading and Extracting Packages: ...working... done
Preparing transaction: ...working... done
Verifying transaction: ...working... done
Executing transaction: ...working... done
#
# To activate this environment, use
#
#     $ conda activate finrl
#
# To deactivate an active environment, use
#
#     $ conda deactivate

