Looking in indexes: https://pypi.tuna.tsinghua.edu.cn/simple
Collecting numpy
  Downloading https://pypi.tuna.tsinghua.edu.cn/packages/b4/63/3de6a34ad7ad6646ac7d2f55ebc6ad439dbbf9c4370017c50cf403fb19b5/numpy-2.2.6-cp310-cp310-manylinux_2_17_x86_64.manylinux2014_x86_64.whl (16.8 MB)
     ━━━━━━━━━━━━━━━━━━━━━━━━━━━━━━━━━━━━━━━━ 16.8/16.8 MB 23.6 MB/s  0:00:00
Collecting pandas
  Downloading https://pypi.tuna.tsinghua.edu.cn/packages/40/a8/4dac1f8f8235e5d25b9955d02ff6f29396191d4e665d71122c3722ca83c5/pandas-2.3.3-cp310-cp310-manylinux_2_24_x86_64.manylinux_2_28_x86_64.whl (12.8 MB)
     ━━━━━━━━━━━━━━━━━━━━━━━━━━━━━━━━━━━━━━━━ 12.8/12.8 MB 26.0 MB/s  0:00:00
Collecting matplotlib
  Downloading https://pypi.tuna.tsinghua.edu.cn/packages/fc/b7/d8bcec2626c35f96972bff656299fef4578113ea6193c8fdad324710410c/matplotlib-3.10.9-cp310-cp310-manylinux2014_x86_64.manylinux_2_17_x86_64.whl (8.8 MB)
     ━━━━━━━━━━━━━━━━━━━━━━━━━━━━━━━━━━━━━━━━ 8.8/8.8 MB 84.5 MB/s  0:00:00
Collecting yfinance
  Downloading https://pypi.tuna.tsinghua.edu.cn/packages/dc/bc/e46ed5dfb88c6f7af0f641ffb6227d32f484ea989a2987a52a9c35d17aa9/yfinance-1.3.0-py2.py3-none-any.whl (133 kB)
Collecting stable-baselines3
  Downloading https://pypi.tuna.tsinghua.edu.cn/packages/85/1b/8046baf1e7756006eab991cd3260c4342c515dd6b536bc2d03df4b6f35aa/stable_baselines3-2.8.0-py3-none-any.whl (187 kB)
Collecting python-dateutil>=2.8.2 (from pandas)
  Downloading https://pypi.tuna.tsinghua.edu.cn/packages/ec/57/56b9bcc3c9c6a792fcbaf139543cee77261f3651ca9da0c93f5c1221264b/python_dateutil-2.9.0.post0-py2.py3-none-any.whl (229 kB)
Collecting pytz>=2020.1 (from pandas)
  Downloading https://pypi.tuna.tsinghua.edu.cn/packages/10/99/781fe0c827be2742bcc775efefccb3b048a3a9c6ce9aec0cbf4a101677e5/pytz-2026.1.post1-py2.py3-none-any.whl (510 kB)
Collecting tzdata>=2022.7 (from pandas)
  Downloading https://pypi.tuna.tsinghua.edu.cn/packages/ce/e4/dccd7f47c4b64213ac01ef921a1337ee6e30e8c6466046018326977efd95/tzdata-2026.2-py2.py3-none-any.whl (349 kB)
Collecting contourpy>=1.0.1 (from matplotlib)
  Downloading https://pypi.tuna.tsinghua.edu.cn/packages/32/5c/1ee32d1c7956923202f00cf8d2a14a62ed7517bdc0ee1e55301227fc273c/contourpy-1.3.2-cp310-cp310-manylinux_2_17_x86_64.manylinux2014_x86_64.whl (325 kB)
Collecting cycler>=0.10 (from matplotlib)
  Downloading https://pypi.tuna.tsinghua.edu.cn/packages/e7/05/c19819d5e3d95294a6f5947fb9b9629efb316b96de511b418c53d245aae6/cycler-0.12.1-py3-none-any.whl (8.3 kB)
Collecting fonttools>=4.22.0 (from matplotlib)
  Downloading https://pypi.tuna.tsinghua.edu.cn/packages/42/09/7dbe3d7023f57d9b580cfa832109d521988112fd59dddfda3fddda8218f9/fonttools-4.62.1-cp310-cp310-manylinux2014_x86_64.manylinux_2_17_x86_64.whl (4.9 MB)
     ━━━━━━━━━━━━━━━━━━━━━━━━━━━━━━━━━━━━━━━━ 4.9/4.9 MB 78.8 MB/s  0:00:00
Collecting kiwisolver>=1.3.1 (from matplotlib)
  Downloading https://pypi.tuna.tsinghua.edu.cn/packages/f1/0e/ba4ae25d03722f64de8b2c13e80d82ab537a06b30fc7065183c6439357e3/kiwisolver-1.5.0-cp310-cp310-manylinux_2_12_x86_64.manylinux2010_x86_64.whl (1.6 MB)
     ━━━━━━━━━━━━━━━━━━━━━━━━━━━━━━━━━━━━━━━━ 1.6/1.6 MB 10.7 MB/s  0:00:00
Requirement already satisfied: packaging>=20.0 in /root/miniconda3/envs/finrl/lib/python3.10/site-packages (from matplotlib) (26.0)
Collecting pillow>=8 (from matplotlib)
  WARNING: Retrying (Retry(total=4, connect=None, read=None, redirect=None, status=None)) after connection broken by 'ProxyError('Cannot connect to proxy.', TimeoutError('_ssl.c:1000: The handshake operation timed out'))': /packages/b5/42/bbcb6051030e1e421d103ce7a8ecadf837aa2f39b8f82ef1a8d37c3d4ebc/pillow-12.2.0-cp310-cp310-manylinux_2_27_x86_64.manylinux_2_28_x86_64.whl
  Downloading https://pypi.tuna.tsinghua.edu.cn/packages/b5/42/bbcb6051030e1e421d103ce7a8ecadf837aa2f39b8f82ef1a8d37c3d4ebc/pillow-12.2.0-cp310-cp310-manylinux_2_27_x86_64.manylinux_2_28_x86_64.whl (7.1 MB)
     ━━━━━━━━━━━━━━━━━━━━━━━━━━━━━━━━━━━━━━━━ 7.1/7.1 MB 45.3 MB/s  0:00:00
Collecting pyparsing>=3 (from matplotlib)
  Downloading https://pypi.tuna.tsinghua.edu.cn/packages/10/bd/c038d7cc38edc1aa5bf91ab8068b63d4308c66c4c8bb3cbba7dfbc049f9c/pyparsing-3.3.2-py3-none-any.whl (122 kB)
Collecting requests>=2.31 (from yfinance)
  Downloading https://pypi.tuna.tsinghua.edu.cn/packages/d7/8e/7540e8a2036f79a125c1d2ebadf69ed7901608859186c856fa0388ef4197/requests-2.33.1-py3-none-any.whl (64 kB)
Collecting multitasking>=0.0.7 (from yfinance)
  Downloading https://pypi.tuna.tsinghua.edu.cn/packages/d3/1c/24dbf69b247f287401c904a396233a43c89fd4fb9b7cd2e50e430e9cd57c/multitasking-0.0.13-py3-none-any.whl (16 kB)
Collecting platformdirs>=2.0.0 (from yfinance)
  Downloading https://pypi.tuna.tsinghua.edu.cn/packages/75/a6/a0a304dc33b49145b21f4808d763822111e67d1c3a32b524a1baf947b6e1/platformdirs-4.9.6-py3-none-any.whl (21 kB)
Collecting frozendict>=2.3.4 (from yfinance)
  Downloading https://pypi.tuna.tsinghua.edu.cn/packages/71/be/b179b5f200cb0f52debeccc63b786cabcc408c4542f47c4245f978ad36e3/frozendict-2.4.7-cp310-cp310-manylinux2014_x86_64.manylinux_2_17_x86_64.manylinux_2_28_x86_64.whl (120 kB)
Collecting peewee>=3.16.2 (from yfinance)
  Downloading https://pypi.tuna.tsinghua.edu.cn/packages/ef/d4/2cf83b5fb7fae8939ed596009465c6de0b8fafa70abd486ed9d192e457f7/peewee-4.0.5-py3-none-any.whl (144 kB)
Collecting beautifulsoup4>=4.11.1 (from yfinance)
  Downloading https://pypi.tuna.tsinghua.edu.cn/packages/1a/39/47f9197bdd44df24d67ac8893641e16f386c984a0619ef2ee4c51fbbc019/beautifulsoup4-4.14.3-py3-none-any.whl (107 kB)
Collecting curl_cffi>=0.15 (from yfinance)
  Downloading https://pypi.tuna.tsinghua.edu.cn/packages/5c/12/c70b835487ace3b9ba1502631912e3440082b8ae3a162f60b59cb0b6444d/curl_cffi-0.15.0-cp310-abi3-manylinux2014_x86_64.manylinux_2_17_x86_64.whl (11.1 MB)
     ━━━━━━━━━━━━━━━━━━━━━━━━━━━━━━━━━━━━━━━━ 11.1/11.1 MB 174.8 kB/s  0:01:00
Collecting protobuf>=3.19.0 (from yfinance)
  Downloading https://pypi.tuna.tsinghua.edu.cn/packages/53/1b/3b431694a4dc6d37b9f653f0c64b0a0d9ec074ee810710c0c3da21d67ba7/protobuf-7.34.1-cp310-abi3-manylinux2014_x86_64.whl (324 kB)
Collecting websockets>=13.0 (from yfinance)
  Downloading https://pypi.tuna.tsinghua.edu.cn/packages/9d/2f/4b3ca7e106bc608744b1cdae041e005e446124bebb037b18799c2d356864/websockets-16.0-cp310-cp310-manylinux1_x86_64.manylinux_2_28_x86_64.manylinux_2_5_x86_64.whl (183 kB)
Collecting gymnasium<1.3.0,>=0.29.1 (from stable-baselines3)
  Downloading https://pypi.tuna.tsinghua.edu.cn/packages/56/d3/ea5f088e3638dbab12e5c20d6559d5b3bdaeaa1f2af74e526e6815836285/gymnasium-1.2.3-py3-none-any.whl (952 kB)
     ━━━━━━━━━━━━━━━━━━━━━━━━━━━━━━━━━━━━━━━━ 952.1/952.1 kB 2.0 MB/s  0:00:00
Collecting torch<3.0,>=2.3 (from stable-baselines3)
  Downloading https://pypi.tuna.tsinghua.edu.cn/packages/f9/1e/18a9b10b4bd34f12d4e561c52b0ae7158707b8193c6cfc0aad2b48167090/torch-2.11.0-cp310-cp310-manylinux_2_28_x86_64.whl (530.6 MB)
     ━━━━━━━━━━━━━━━━━━━━━━━━━━━━━━━━━━━━━━━━ 530.6/530.6 MB 76.9 MB/s  0:00:06
Collecting cloudpickle (from stable-baselines3)
  Downloading https://pypi.tuna.tsinghua.edu.cn/packages/88/39/799be3f2f0f38cc727ee3b4f1445fe6d5e4133064ec2e4115069418a5bb6/cloudpickle-3.1.2-py3-none-any.whl (22 kB)
Collecting typing-extensions>=4.3.0 (from gymnasium<1.3.0,>=0.29.1->stable-baselines3)
  Downloading https://pypi.tuna.tsinghua.edu.cn/packages/18/67/36e9267722cc04a6b9f15c7f3441c2363321a3ea07da7ae0c0707beb2a9c/typing_extensions-4.15.0-py3-none-any.whl (44 kB)
Collecting farama-notifications>=0.0.1 (from gymnasium<1.3.0,>=0.29.1->stable-baselines3)
  Downloading https://pypi.tuna.tsinghua.edu.cn/packages/7c/f0/21f81892e4ed10f4ec3ef2e7cf8635fb76e7c0907c55d0da66be50094760/farama_notifications-0.0.6-py3-none-any.whl (2.9 kB)
Collecting filelock (from torch<3.0,>=2.3->stable-baselines3)
  Downloading https://pypi.tuna.tsinghua.edu.cn/packages/81/47/dd9a212ef6e343a6857485ffe25bba537304f1913bdbed446a23f7f592e1/filelock-3.29.0-py3-none-any.whl (39 kB)
Collecting setuptools<82 (from torch<3.0,>=2.3->stable-baselines3)
  Downloading https://pypi.tuna.tsinghua.edu.cn/packages/e1/e3/c164c88b2e5ce7b24d667b9bd83589cf4f3520d97cad01534cd3c4f55fdb/setuptools-81.0.0-py3-none-any.whl (1.1 MB)
     ━━━━━━━━━━━━━━━━━━━━━━━━━━━━━━━━━━━━━━━━ 1.1/1.1 MB 39.3 MB/s  0:00:00
Collecting sympy>=1.13.3 (from torch<3.0,>=2.3->stable-baselines3)
  Downloading https://pypi.tuna.tsinghua.edu.cn/packages/a2/09/77d55d46fd61b4a135c444fc97158ef34a095e5681d0a6c10b75bf356191/sympy-1.14.0-py3-none-any.whl (6.3 MB)
     ━━━━━━━━━━━━━━━━━━━━━━━━━━━━━━━━━━━━━━━━ 6.3/6.3 MB 32.1 MB/s  0:00:00
Collecting networkx>=2.5.1 (from torch<3.0,>=2.3->stable-baselines3)
  Downloading https://pypi.tuna.tsinghua.edu.cn/packages/b9/54/dd730b32ea14ea797530a4479b2ed46a6fb250f682a9cfb997e968bf0261/networkx-3.4.2-py3-none-any.whl (1.7 MB)
     ━━━━━━━━━━━━━━━━━━━━━━━━━━━━━━━━━━━━━━━━ 1.7/1.7 MB 56.9 MB/s  0:00:00
Collecting jinja2 (from torch<3.0,>=2.3->stable-baselines3)
  Downloading https://pypi.tuna.tsinghua.edu.cn/packages/62/a1/3d680cbfd5f4b8f15abc1d571870c5fc3e594bb582bc3b64ea099db13e56/jinja2-3.1.6-py3-none-any.whl (134 kB)
Collecting fsspec>=0.8.5 (from torch<3.0,>=2.3->stable-baselines3)
  Downloading https://pypi.tuna.tsinghua.edu.cn/packages/d5/1f/5f4a3cd9e4440e9d9bc78ad0a91a1c8d46b4d429d5239ebe6793c9fe5c41/fsspec-2026.3.0-py3-none-any.whl (202 kB)
Collecting cuda-toolkit==13.0.2 (from cuda-toolkit[cublas,cudart,cufft,cufile,cupti,curand,cusolver,cusparse,nvjitlink,nvrtc,nvtx]==13.0.2; platform_system == "Linux"->torch<3.0,>=2.3->stable-baselines3)
  Downloading https://pypi.tuna.tsinghua.edu.cn/packages/57/b2/453099f5f3b698d7d0eab38916aac44c7f76229f451709e2eb9db6615dcd/cuda_toolkit-13.0.2-py2.py3-none-any.whl (2.4 kB)
Collecting cuda-bindings<14,>=13.0.3 (from torch<3.0,>=2.3->stable-baselines3)
  Downloading https://pypi.tuna.tsinghua.edu.cn/packages/aa/ef/184aa775e970fc089942cd9ec6302e6e44679d4c14549c6a7ea45bf7f798/cuda_bindings-13.2.0-cp310-cp310-manylinux_2_24_x86_64.manylinux_2_28_x86_64.whl (6.3 MB)
     ━━━━━━━━━━━━━━━━━━━━━━━━━━━━━━━━━━━━━━━━ 6.3/6.3 MB 69.6 MB/s  0:00:00
Collecting nvidia-cudnn-cu13==9.19.0.56 (from torch<3.0,>=2.3->stable-baselines3)
  Downloading https://pypi.tuna.tsinghua.edu.cn/packages/a3/22/0b4b932655d17a6da1b92fa92ab12844b053bb2ac2475e179ba6f043da1e/nvidia_cudnn_cu13-9.19.0.56-py3-none-manylinux_2_27_x86_64.whl (366.1 MB)
     ━━━━━━━━━━━━━━━━━━━━━━━━━━━━━━━━━━━━━━━━ 366.1/366.1 MB 41.1 MB/s  0:00:08
Collecting nvidia-cusparselt-cu13==0.8.0 (from torch<3.0,>=2.3->stable-baselines3)
  Downloading https://pypi.tuna.tsinghua.edu.cn/packages/fd/53/43b0d71f4e702fa9733f8b4571fdca50a8813f1e450b656c239beff12315/nvidia_cusparselt_cu13-0.8.0-py3-none-manylinux2014_x86_64.whl (169.9 MB)
     ━━━━━━━━━━━━━━━━━━━━━━━━━━━━━━━━━━━━━━━━ 169.9/169.9 MB 58.7 MB/s  0:00:02
Collecting nvidia-nccl-cu13==2.28.9 (from torch<3.0,>=2.3->stable-baselines3)
  Downloading https://pypi.tuna.tsinghua.edu.cn/packages/b0/b4/878fefaad5b2bcc6fcf8d474a25e3e3774bc5133e4b58adff4d0bca238bc/nvidia_nccl_cu13-2.28.9-py3-none-manylinux_2_18_x86_64.whl (196.5 MB)
     ━━━━━━━━━━━━━━━━━━━━━━━━━━━━━━━━━━━━━━━━ 196.5/196.5 MB 53.3 MB/s  0:00:03
Collecting nvidia-nvshmem-cu13==3.4.5 (from torch<3.0,>=2.3->stable-baselines3)
  Downloading https://pypi.tuna.tsinghua.edu.cn/packages/3c/35/a9bf80a609e74e3b000fef598933235c908fcefcef9026042b8e6dfde2a9/nvidia_nvshmem_cu13-3.4.5-py3-none-manylinux2014_x86_64.manylinux_2_17_x86_64.whl (60.4 MB)
     ━━━━━━━━━━━━━━━━━━━━━━━━━━━━━━━━━━━━━━━━ 60.4/60.4 MB 61.3 MB/s  0:00:00
Collecting triton==3.6.0 (from torch<3.0,>=2.3->stable-baselines3)
  Downloading https://pypi.tuna.tsinghua.edu.cn/packages/8c/f7/f1c9d3424ab199ac53c2da567b859bcddbb9c9e7154805119f8bd95ec36f/triton-3.6.0-cp310-cp310-manylinux_2_27_x86_64.manylinux_2_28_x86_64.whl (188.1 MB)
     ━━━━━━━━━━━━━━━━━━━━━━━━━━━━━━━━━━━━━━━━ 188.1/188.1 MB 44.9 MB/s  0:00:04
Collecting nvidia-curand==10.4.0.35.* (from cuda-toolkit[cublas,cudart,cufft,cufile,cupti,curand,cusolver,cusparse,nvjitlink,nvrtc,nvtx]==13.0.2; platform_system == "Linux"->torch<3.0,>=2.3->stable-baselines3)
  Downloading https://pypi.tuna.tsinghua.edu.cn/packages/a5/9f/be0a41ca4a4917abf5cb9ae0daff1a6060cc5de950aec0396de9f3b52bc5/nvidia_curand-10.4.0.35-py3-none-manylinux_2_27_x86_64.whl (59.5 MB)
     ━━━━━━━━━━━━━━━━━━━━━━━━━━━━━━━━━━━━━━━━ 59.5/59.5 MB 44.3 MB/s  0:00:01
Collecting nvidia-cufft==12.0.0.61.* (from cuda-toolkit[cublas,cudart,cufft,cufile,cupti,curand,cusolver,cusparse,nvjitlink,nvrtc,nvtx]==13.0.2; platform_system == "Linux"->torch<3.0,>=2.3->stable-baselines3)
  Downloading https://pypi.tuna.tsinghua.edu.cn/packages/a8/2f/7b57e29836ea8714f81e9898409196f47d772d5ddedddf1592eadb8ab743/nvidia_cufft-12.0.0.61-py3-none-manylinux2014_x86_64.manylinux_2_17_x86_64.whl (214.1 MB)
     ━━━━━━━━━━━━━━━━━━━━━━━━━━━━━━━━━━━━━━━━ 214.1/214.1 MB 41.0 MB/s  0:00:05
Collecting nvidia-nvjitlink==13.0.88.* (from cuda-toolkit[cublas,cudart,cufft,cufile,cupti,curand,cusolver,cusparse,nvjitlink,nvrtc,nvtx]==13.0.2; platform_system == "Linux"->torch<3.0,>=2.3->stable-baselines3)
  Downloading https://pypi.tuna.tsinghua.edu.cn/packages/56/7a/123e033aaff487c77107195fa5a2b8686795ca537935a24efae476c41f05/nvidia_nvjitlink-13.0.88-py3-none-manylinux2010_x86_64.manylinux_2_12_x86_64.whl (40.7 MB)
     ━━━━━━━━━━━━━━━━━━━━━━━━━━━━━━━━━━━━━━━━ 40.7/40.7 MB 50.1 MB/s  0:00:00
Collecting nvidia-cusparse==12.6.3.3.* (from cuda-toolkit[cublas,cudart,cufft,cufile,cupti,curand,cusolver,cusparse,nvjitlink,nvrtc,nvtx]==13.0.2; platform_system == "Linux"->torch<3.0,>=2.3->stable-baselines3)
  Downloading https://pypi.tuna.tsinghua.edu.cn/packages/fa/18/623c77619c31d62efd55302939756966f3ecc8d724a14dab2b75f1508850/nvidia_cusparse-12.6.3.3-py3-none-manylinux2014_x86_64.manylinux_2_17_x86_64.whl (145.9 MB)
     ━━━━━━━━━━━━━━━━━━━━━━━━━━━━━━━━━━━━━━━━ 145.9/145.9 MB 57.6 MB/s  0:00:02
Collecting nvidia-cublas==13.1.0.3.* (from cuda-toolkit[cublas,cudart,cufft,cufile,cupti,curand,cusolver,cusparse,nvjitlink,nvrtc,nvtx]==13.0.2; platform_system == "Linux"->torch<3.0,>=2.3->stable-baselines3)
  Downloading https://pypi.tuna.tsinghua.edu.cn/packages/e7/44/423ac00af4dd95a5aeb27207e2c0d9b7118702149bf4704c3ddb55bb7429/nvidia_cublas-13.1.0.3-py3-none-manylinux_2_27_x86_64.whl (423.1 MB)
     ━━━━━━━━━━━━━━━━━━━━━━━━━━━━━━━━━━━━━━━━ 423.1/423.1 MB 63.0 MB/s  0:00:06
Collecting nvidia-nvtx==13.0.85.* (from cuda-toolkit[cublas,cudart,cufft,cufile,cupti,curand,cusolver,cusparse,nvjitlink,nvrtc,nvtx]==13.0.2; platform_system == "Linux"->torch<3.0,>=2.3->stable-baselines3)
  Downloading https://pypi.tuna.tsinghua.edu.cn/packages/c2/f3/d86c845465a2723ad7e1e5c36dcd75ddb82898b3f53be47ebd429fb2fa5d/nvidia_nvtx-13.0.85-py3-none-manylinux1_x86_64.manylinux_2_5_x86_64.whl (148 kB)
Collecting nvidia-cuda-cupti==13.0.85.* (from cuda-toolkit[cublas,cudart,cufft,cufile,cupti,curand,cusolver,cusparse,nvjitlink,nvrtc,nvtx]==13.0.2; platform_system == "Linux"->torch<3.0,>=2.3->stable-baselines3)
  Downloading https://pypi.tuna.tsinghua.edu.cn/packages/33/6d/737d164b4837a9bbd202f5ae3078975f0525a55730fe871d8ed4e3b952b0/nvidia_cuda_cupti-13.0.85-py3-none-manylinux_2_25_x86_64.whl (10.7 MB)
     ━━━━━━━━━━━━━━━━━━━━━━━━━━━━━━━━━━━━━━━━ 10.7/10.7 MB 77.5 MB/s  0:00:00
Collecting nvidia-cuda-nvrtc==13.0.88.* (from cuda-toolkit[cublas,cudart,cufft,cufile,cupti,curand,cusolver,cusparse,nvjitlink,nvrtc,nvtx]==13.0.2; platform_system == "Linux"->torch<3.0,>=2.3->stable-baselines3)
  Downloading https://pypi.tuna.tsinghua.edu.cn/packages/c3/68/483a78f5e8f31b08fb1bb671559968c0ca3a065ac7acabfc7cee55214fd6/nvidia_cuda_nvrtc-13.0.88-py3-none-manylinux2010_x86_64.manylinux_2_12_x86_64.whl (90.2 MB)
     ━━━━━━━━━━━━━━━━━━━━━━━━━━━━━━━━━━━━━━━━ 90.2/90.2 MB 73.8 MB/s  0:00:01
Collecting nvidia-cufile==1.15.1.6.* (from cuda-toolkit[cublas,cudart,cufft,cufile,cupti,curand,cusolver,cusparse,nvjitlink,nvrtc,nvtx]==13.0.2; platform_system == "Linux"->torch<3.0,>=2.3->stable-baselines3)
  Downloading https://pypi.tuna.tsinghua.edu.cn/packages/3f/70/4f193de89a48b71714e74602ee14d04e4019ad36a5a9f20c425776e72cd6/nvidia_cufile-1.15.1.6-py3-none-manylinux2014_x86_64.manylinux_2_17_x86_64.whl (1.2 MB)
     ━━━━━━━━━━━━━━━━━━━━━━━━━━━━━━━━━━━━━━━━ 1.2/1.2 MB 30.3 MB/s  0:00:00
Collecting nvidia-cusolver==12.0.4.66.* (from cuda-toolkit[cublas,cudart,cufft,cufile,cupti,curand,cusolver,cusparse,nvjitlink,nvrtc,nvtx]==13.0.2; platform_system == "Linux"->torch<3.0,>=2.3->stable-baselines3)
  Downloading https://pypi.tuna.tsinghua.edu.cn/packages/5f/67/cba3777620cdacb99102da4042883709c41c709f4b6323c10781a9c3aa34/nvidia_cusolver-12.0.4.66-py3-none-manylinux_2_27_x86_64.whl (200.9 MB)
     ━━━━━━━━━━━━━━━━━━━━━━━━━━━━━━━━━━━━━━━━ 200.9/200.9 MB 38.1 MB/s  0:00:05
Collecting nvidia-cuda-runtime==13.0.96.* (from cuda-toolkit[cublas,cudart,cufft,cufile,cupti,curand,cusolver,cusparse,nvjitlink,nvrtc,nvtx]==13.0.2; platform_system == "Linux"->torch<3.0,>=2.3->stable-baselines3)
  Downloading https://pypi.tuna.tsinghua.edu.cn/packages/2e/24/d1558f3b68b1d26e706813b1d10aa1d785e4698c425af8db8edc3dced472/nvidia_cuda_runtime-13.0.96-py3-none-manylinux2014_x86_64.manylinux_2_17_x86_64.whl (2.2 MB)
     ━━━━━━━━━━━━━━━━━━━━━━━━━━━━━━━━━━━━━━━━ 2.2/2.2 MB 38.2 MB/s  0:00:00
Collecting cuda-pathfinder~=1.1 (from cuda-bindings<14,>=13.0.3->torch<3.0,>=2.3->stable-baselines3)
  Downloading https://pypi.tuna.tsinghua.edu.cn/packages/11/d0/c177e29701cf1d3008d7d2b16b5fc626592ce13bd535f8795c5f57187e0e/cuda_pathfinder-1.5.4-py3-none-any.whl (51 kB)
Collecting soupsieve>=1.6.1 (from beautifulsoup4>=4.11.1->yfinance)
  Downloading https://pypi.tuna.tsinghua.edu.cn/packages/46/2c/1462b1d0a634697ae9e55b3cecdcb64788e8b7d63f54d923fcd0bb140aed/soupsieve-2.8.3-py3-none-any.whl (37 kB)
Collecting cffi>=2.0.0 (from curl_cffi>=0.15->yfinance)
  Downloading https://pypi.tuna.tsinghua.edu.cn/packages/98/29/9b366e70e243eb3d14a5cb488dfd3a0b6b2f1fb001a203f653b93ccfac88/cffi-2.0.0-cp310-cp310-manylinux2014_x86_64.manylinux_2_17_x86_64.whl (216 kB)
Collecting certifi>=2024.2.2 (from curl_cffi>=0.15->yfinance)
  Downloading https://pypi.tuna.tsinghua.edu.cn/packages/22/30/7cd8fdcdfbc5b869528b079bfb76dcdf6056b1a2097a662e5e8c04f42965/certifi-2026.4.22-py3-none-any.whl (135 kB)
Collecting rich (from curl_cffi>=0.15->yfinance)
  Downloading https://pypi.tuna.tsinghua.edu.cn/packages/82/3b/64d4899d73f91ba49a8c18a8ff3f0ea8f1c1d75481760df8c68ef5235bf5/rich-15.0.0-py3-none-any.whl (310 kB)
Collecting pycparser (from cffi>=2.0.0->curl_cffi>=0.15->yfinance)
  Downloading https://pypi.tuna.tsinghua.edu.cn/packages/0c/c3/44f3fbbfa403ea2a7c779186dc20772604442dde72947e7d01069cbe98e3/pycparser-3.0-py3-none-any.whl (48 kB)
Collecting six>=1.5 (from python-dateutil>=2.8.2->pandas)
  Downloading https://pypi.tuna.tsinghua.edu.cn/packages/b7/ce/149a00dd41f10bc29e5921b496af8b574d8413afcd5e30dfa0ed46c2cc5e/six-1.17.0-py2.py3-none-any.whl (11 kB)
Collecting charset_normalizer<4,>=2 (from requests>=2.31->yfinance)
  Downloading https://pypi.tuna.tsinghua.edu.cn/packages/20/e7/bed0024a0f4ab0c8a9c64d4445f39b30c99bd1acd228291959e3de664247/charset_normalizer-3.4.7-cp310-cp310-manylinux2014_x86_64.manylinux_2_17_x86_64.manylinux_2_28_x86_64.whl (216 kB)
Collecting idna<4,>=2.5 (from requests>=2.31->yfinance)
  Downloading https://pypi.tuna.tsinghua.edu.cn/packages/5d/13/ad7d7ca3808a898b4612b6fe93cde56b53f3034dcde235acb1f0e1df24c6/idna-3.13-py3-none-any.whl (68 kB)
Collecting urllib3<3,>=1.26 (from requests>=2.31->yfinance)
  Downloading https://pypi.tuna.tsinghua.edu.cn/packages/39/08/aaaad47bc4e9dc8c725e68f9d04865dbcb2052843ff09c97b08904852d84/urllib3-2.6.3-py3-none-any.whl (131 kB)
Collecting mpmath<1.4,>=1.1.0 (from sympy>=1.13.3->torch<3.0,>=2.3->stable-baselines3)
  Downloading https://pypi.tuna.tsinghua.edu.cn/packages/43/e3/7d92a15f894aa0c9c4b49b8ee9ac9850d6e63b03c9c32c0367a13ae62209/mpmath-1.3.0-py3-none-any.whl (536 kB)
     ━━━━━━━━━━━━━━━━━━━━━━━━━━━━━━━━━━━━━━━━ 536.2/536.2 kB 16.6 MB/s  0:00:00
Collecting MarkupSafe>=2.0 (from jinja2->torch<3.0,>=2.3->stable-baselines3)
  Downloading https://pypi.tuna.tsinghua.edu.cn/packages/af/cd/ce6e848bbf2c32314c9b237839119c5a564a59725b53157c856e90937b7a/markupsafe-3.0.3-cp310-cp310-manylinux2014_x86_64.manylinux_2_17_x86_64.manylinux_2_28_x86_64.whl (20 kB)
Collecting markdown-it-py>=2.2.0 (from rich->curl_cffi>=0.15->yfinance)
  Downloading https://pypi.tuna.tsinghua.edu.cn/packages/94/54/e7d793b573f298e1c9013b8c4dade17d481164aa517d1d7148619c2cedbf/markdown_it_py-4.0.0-py3-none-any.whl (87 kB)
Collecting pygments<3.0.0,>=2.13.0 (from rich->curl_cffi>=0.15->yfinance)
  Downloading https://pypi.tuna.tsinghua.edu.cn/packages/f4/7e/a72dd26f3b0f4f2bf1dd8923c85f7ceb43172af56d63c7383eb62b332364/pygments-2.20.0-py3-none-any.whl (1.2 MB)
     ━━━━━━━━━━━━━━━━━━━━━━━━━━━━━━━━━━━━━━━━ 1.2/1.2 MB 41.5 MB/s  0:00:00
Collecting mdurl~=0.1 (from markdown-it-py>=2.2.0->rich->curl_cffi>=0.15->yfinance)
  Downloading https://pypi.tuna.tsinghua.edu.cn/packages/b3/38/89ba8ad64ae25be8de66a6d463314cf1eb366222074cfda9ee839c56a4b4/mdurl-0.1.2-py3-none-any.whl (10.0 kB)
Installing collected packages: pytz, peewee, nvidia-cusparselt-cu13, multitasking, mpmath, farama-notifications, cuda-toolkit, websockets, urllib3, tzdata, typing-extensions, triton, sympy, soupsieve, six, setuptools, pyparsing, pygments, pycparser, protobuf, platformdirs, pillow, nvidia-nvtx, nvidia-nvshmem-cu13, nvidia-nvjitlink, nvidia-nccl-cu13, nvidia-curand, nvidia-cufile, nvidia-cuda-runtime, nvidia-cuda-nvrtc, nvidia-cuda-cupti, nvidia-cublas, numpy, networkx, mdurl, MarkupSafe, kiwisolver, idna, fsspec, frozendict, fonttools, filelock, cycler, cuda-pathfinder, cloudpickle, charset_normalizer, certifi, requests, python-dateutil, nvidia-cusparse, nvidia-cufft, nvidia-cudnn-cu13, markdown-it-py, jinja2, gymnasium, cuda-bindings, contourpy, cffi, beautifulsoup4, rich, pandas, nvidia-cusolver, matplotlib, curl_cffi, yfinance, torch, stable-baselines3
  Attempting uninstall: setuptools
    Found existing installation: setuptools 82.0.1
    Uninstalling setuptools-82.0.1:
      Successfully uninstalled setuptools-82.0.1

Successfully installed MarkupSafe-3.0.3 beautifulsoup4-4.14.3 certifi-2026.4.22 cffi-2.0.0 charset_normalizer-3.4.7 cloudpickle-3.1.2 contourpy-1.3.2 cuda-bindings-13.2.0 cuda-pathfinder-1.5.4 cuda-toolkit-13.0.2 curl_cffi-0.15.0 cycler-0.12.1 farama-notifications-0.0.6 filelock-3.29.0 fonttools-4.62.1 frozendict-2.4.7 fsspec-2026.3.0 gymnasium-1.2.3 idna-3.13 jinja2-3.1.6 kiwisolver-1.5.0 markdown-it-py-4.0.0 matplotlib-3.10.9 mdurl-0.1.2 mpmath-1.3.0 multitasking-0.0.13 networkx-3.4.2 numpy-2.2.6 nvidia-cublas-13.1.0.3 nvidia-cuda-cupti-13.0.85 nvidia-cuda-nvrtc-13.0.88 nvidia-cuda-runtime-13.0.96 nvidia-cudnn-cu13-9.19.0.56 nvidia-cufft-12.0.0.61 nvidia-cufile-1.15.1.6 nvidia-curand-10.4.0.35 nvidia-cusolver-12.0.4.66 nvidia-cusparse-12.6.3.3 nvidia-cusparselt-cu13-0.8.0 nvidia-nccl-cu13-2.28.9 nvidia-nvjitlink-13.0.88 nvidia-nvshmem-cu13-3.4.5 nvidia-nvtx-13.0.85 pandas-2.3.3 peewee-4.0.5 pillow-12.2.0 platformdirs-4.9.6 protobuf-7.34.1 pycparser-3.0 pygments-2.20.0 pyparsing-3.3.2 python-dateutil-2.9.0.post0 pytz-2026.1.post1 requests-2.33.1 rich-15.0.0 setuptools-81.0.0 six-1.17.0 soupsieve-2.8.3 stable-baselines3-2.8.0 sympy-1.14.0 torch-2.11.0 triton-3.6.0 typing-extensions-4.15.0 tzdata-2026.2 urllib3-2.6.3 websockets-16.0 yfinance-1.3.0
WARNING: Running pip as the 'root' user can result in broken permissions and conflicting behaviour with the system package manager, possibly rendering your system unusable. It is recommended to use a virtual environment instead: https://pip.pypa.io/warnings/venv. Use the --root-user-action option if you know what you are doing and want to suppress this warning.
